// Jest Snapshot v1, https://goo.gl/fbAQLP

exports[`<HumanModal /> renders the human modal container 1`] = `
<div
  className="sc-gZMcBi kxDDhR"
  onClick={[Function]}
>
  <div
    className="sc-gqjmRU gFMWya"
  >
    <div
      className="sc-kGXeez hbsICI"
    >
      <img
        alt=""
        className="sc-dxgOiQ kSPbia"
        src=""
      />
      <div
        className="sc-kgoBCf hCXRpp"
      >
        <h2
          className="sc-ckVGcZ iXdRil sc-htoDjs kvUEzN"
        >
          
          , 
          
        </h2>
        <div>
          <span
            className="sc-kpOJdX ctNlrt"
          >
            <svg
              fill="currentColor"
              height="1em"
              preserveAspectRatio="xMidYMid meet"
              style={
                Object {
                  "color": undefined,
                  "verticalAlign": "middle",
                }
              }
              viewBox="0 0 40 40"
              width="1em"
            >
              <g>
                <path
                  d="m40 15.8v17.8q0 1.4-1 2.5t-2.6 1h-32.8q-1.5 0-2.6-1t-1-2.5v-17.8q1 1.1 2.3 2 8 5.5 11 7.7 1.3 0.9 2.1 1.5t2.1 1 2.5 0.6h0q1.2 0 2.5-0.6t2.1-1 2.1-1.5q3.7-2.8 11.1-7.7 1.2-0.9 2.2-1.9z m0-6.5q0 1.7-1.1 3.4t-2.7 2.7q-8.4 5.8-10.5 7.3-0.2 0.1-0.9 0.6t-1.2 0.9-1.2 0.7-1.3 0.6-1.1 0.2h0q-0.5 0-1.1-0.2t-1.3-0.6-1.2-0.7-1.2-0.9-0.9-0.6q-2.1-1.5-5.9-4.1t-4.6-3.2q-1.3-0.9-2.6-2.6t-1.2-3q0-1.8 0.9-2.9t2.7-1.2h32.8q1.5 0 2.5 1.1t1.1 2.5z"
                />
              </g>
            </svg>
          </span>
          
        </div>
        <div>
          <span
            className="sc-kpOJdX ctNlrt"
          >
            <svg
              fill="currentColor"
              height="1em"
              preserveAspectRatio="xMidYMid meet"
              style={
                Object {
                  "color": undefined,
                  "verticalAlign": "middle",
                }
              }
              viewBox="0 0 40 40"
              width="1em"
            >
              <g>
                <path
                  d="m40 31.4v8.6h-40v-8.6q1 0 1.9-0.3t1.3-0.6 1.1-0.8q0.6-0.6 1.1-0.9t1.3-0.2 1.2 0.2 1.2 0.9q0.6 0.5 1 0.8t1.3 0.6 1.9 0.3q1.1 0 1.9-0.3t1.3-0.6 1.1-0.8q0.5-0.5 0.7-0.6t0.7-0.4 1-0.1q0.8 0 1.3 0.2t1.1 0.9q0.6 0.5 1.1 0.8t1.3 0.6 1.9 0.3 1.9-0.3 1.3-0.6 1-0.8q0.7-0.6 1.2-0.9t1.2-0.2q0.8 0 1.3 0.2t1.1 0.9q0.7 0.5 1.1 0.8t1.3 0.6 1.9 0.3z m0-7.1v4.3q-0.8 0-1.2-0.3t-1.2-0.8q-0.7-0.6-1.1-0.9t-1.3-0.6-1.9-0.3q-1 0-1.9 0.3t-1.3 0.6-1 0.9q-0.5 0.4-0.8 0.6t-0.6 0.3-1 0.2q-0.8 0-1.3-0.3t-1.1-0.8q-0.7-0.6-1.1-0.9t-1.3-0.6-1.9-0.3q-1 0-1.9 0.3t-1.3 0.6-1.1 0.9q-0.4 0.4-0.7 0.6t-0.7 0.3-1 0.2q-0.7 0-1.2-0.3t-1.2-0.8q-0.6-0.6-1-0.9t-1.3-0.6-1.9-0.3q-1.1 0-1.9 0.3t-1.3 0.6-1.1 0.9q-0.7 0.6-1.1 0.8t-1.3 0.3v-4.3q0-1.8 1.3-3t3-1.3h1.4v-10h5.7v10h5.7v-10h5.8v10h5.7v-10h5.7v10h1.4q1.8 0 3 1.3t1.3 3z m-28.6-19.3q0 1.7-0.8 2.6t-2 1q-1.2 0-2-0.9t-0.9-2q0-0.6 0.2-1.1t0.6-0.8 0.6-0.6 0.7-0.7 0.6-1 0.2-1.5q0.8 0 1.8 1.7t1 3.3z m11.5 0q0 1.7-0.8 2.6t-2.1 1q-1.2 0-2-0.9t-0.9-2q0-0.6 0.3-1.1t0.5-0.8 0.7-0.6 0.7-0.7 0.5-1 0.2-1.5q0.8 0 1.9 1.7t1 3.3z m11.4 0q0 1.7-0.8 2.6t-2.1 1q-1.2 0-2-0.9t-0.8-2q0-0.6 0.2-1.1t0.5-0.8 0.7-0.6 0.7-0.7 0.5-1 0.2-1.5q0.9 0 1.9 1.7t1 3.3z"
                />
              </g>
            </svg>
          </span>
          XX/XX/XXXX
           (
          0
           years old)
        </div>
        <div>
          <span
            className="sc-kpOJdX ctNlrt"
          >
            <svg
              fill="currentColor"
              height="1em"
              preserveAspectRatio="xMidYMid meet"
              style={
                Object {
                  "color": undefined,
                  "verticalAlign": "middle",
                }
              }
              viewBox="0 0 40 40"
              width="1em"
            >
              <g>
                <path
                  d="m35.9 27.7q0 0.6-0.2 1.6t-0.5 1.5q-0.4 1.1-2.7 2.3-2.1 1.2-4.1 1.2-0.6 0-1.2-0.1t-1.3-0.3-1.1-0.3-1.2-0.5-1.1-0.4q-2.2-0.7-3.9-1.8-2.8-1.8-5.9-4.8t-4.8-5.9q-1.1-1.7-1.9-3.9 0-0.2-0.4-1.1t-0.4-1.3-0.3-1-0.3-1.3-0.1-1.2q0-2 1.1-4.1 1.3-2.3 2.4-2.8 0.6-0.2 1.5-0.4t1.6-0.2q0.3 0 0.5 0 0.4 0.2 1.2 1.7 0.2 0.4 0.6 1.2t0.8 1.4 0.7 1.2q0.1 0.1 0.4 0.6t0.5 0.8 0.1 0.6q0 0.5-0.6 1.1t-1.4 1.3-1.4 1.1-0.6 1.1q0 0.2 0.1 0.5t0.2 0.4 0.3 0.6 0.3 0.4q1.7 3.1 3.8 5.2t5.3 3.9q0 0 0.4 0.3t0.6 0.3 0.4 0.2 0.5 0.1q0.4 0 1-0.6t1.2-1.4 1.3-1.4 1.1-0.6q0.3 0 0.6 0.1t0.8 0.5 0.6 0.4q0.5 0.3 1.1 0.7t1.5 0.8 1.2 0.6q1.5 0.8 1.7 1.2 0 0.2 0 0.5z"
                />
              </g>
            </svg>
          </span>
          
        </div>
      </div>
    </div>
    <div>
      
    </div>
  </div>
</div>
`;

exports[`<HumanModal /> renders the human modal container with all the proper attributes 1`] = `
<div
  className="sc-gZMcBi kxDDhR"
  onClick={[Function]}
>
  <div
    className="sc-gqjmRU gFMWya"
  >
    <div
      className="sc-kGXeez hbsICI"
    >
      <img
        alt=""
        className="sc-dxgOiQ kSPbia"
        src="http://img.com/1234/test.jpg"
      />
      <div
        className="sc-kgoBCf hCXRpp"
      >
        <h2
          className="sc-ckVGcZ iXdRil sc-htoDjs kvUEzN"
        >
          Test
          , 
          McTesterson
        </h2>
        <div>
          <span
            className="sc-kpOJdX ctNlrt"
          >
            <svg
              fill="currentColor"
              height="1em"
              preserveAspectRatio="xMidYMid meet"
              style={
                Object {
                  "color": undefined,
                  "verticalAlign": "middle",
                }
              }
              viewBox="0 0 40 40"
              width="1em"
            >
              <g>
                <path
                  d="m40 15.8v17.8q0 1.4-1 2.5t-2.6 1h-32.8q-1.5 0-2.6-1t-1-2.5v-17.8q1 1.1 2.3 2 8 5.5 11 7.7 1.3 0.9 2.1 1.5t2.1 1 2.5 0.6h0q1.2 0 2.5-0.6t2.1-1 2.1-1.5q3.7-2.8 11.1-7.7 1.2-0.9 2.2-1.9z m0-6.5q0 1.7-1.1 3.4t-2.7 2.7q-8.4 5.8-10.5 7.3-0.2 0.1-0.9 0.6t-1.2 0.9-1.2 0.7-1.3 0.6-1.1 0.2h0q-0.5 0-1.1-0.2t-1.3-0.6-1.2-0.7-1.2-0.9-0.9-0.6q-2.1-1.5-5.9-4.1t-4.6-3.2q-1.3-0.9-2.6-2.6t-1.2-3q0-1.8 0.9-2.9t2.7-1.2h32.8q1.5 0 2.5 1.1t1.1 2.5z"
                />
              </g>
            </svg>
          </span>
          test@test.com
        </div>
        <div>
          <span
            className="sc-kpOJdX ctNlrt"
          >
            <svg
              fill="currentColor"
              height="1em"
              preserveAspectRatio="xMidYMid meet"
              style={
                Object {
                  "color": undefined,
                  "verticalAlign": "middle",
                }
              }
              viewBox="0 0 40 40"
              width="1em"
            >
              <g>
                <path
                  d="m40 31.4v8.6h-40v-8.6q1 0 1.9-0.3t1.3-0.6 1.1-0.8q0.6-0.6 1.1-0.9t1.3-0.2 1.2 0.2 1.2 0.9q0.6 0.5 1 0.8t1.3 0.6 1.9 0.3q1.1 0 1.9-0.3t1.3-0.6 1.1-0.8q0.5-0.5 0.7-0.6t0.7-0.4 1-0.1q0.8 0 1.3 0.2t1.1 0.9q0.6 0.5 1.1 0.8t1.3 0.6 1.9 0.3 1.9-0.3 1.3-0.6 1-0.8q0.7-0.6 1.2-0.9t1.2-0.2q0.8 0 1.3 0.2t1.1 0.9q0.7 0.5 1.1 0.8t1.3 0.6 1.9 0.3z m0-7.1v4.3q-0.8 0-1.2-0.3t-1.2-0.8q-0.7-0.6-1.1-0.9t-1.3-0.6-1.9-0.3q-1 0-1.9 0.3t-1.3 0.6-1 0.9q-0.5 0.4-0.8 0.6t-0.6 0.3-1 0.2q-0.8 0-1.3-0.3t-1.1-0.8q-0.7-0.6-1.1-0.9t-1.3-0.6-1.9-0.3q-1 0-1.9 0.3t-1.3 0.6-1.1 0.9q-0.4 0.4-0.7 0.6t-0.7 0.3-1 0.2q-0.7 0-1.2-0.3t-1.2-0.8q-0.6-0.6-1-0.9t-1.3-0.6-1.9-0.3q-1.1 0-1.9 0.3t-1.3 0.6-1.1 0.9q-0.7 0.6-1.1 0.8t-1.3 0.3v-4.3q0-1.8 1.3-3t3-1.3h1.4v-10h5.7v10h5.7v-10h5.8v10h5.7v-10h5.7v10h1.4q1.8 0 3 1.3t1.3 3z m-28.6-19.3q0 1.7-0.8 2.6t-2 1q-1.2 0-2-0.9t-0.9-2q0-0.6 0.2-1.1t0.6-0.8 0.6-0.6 0.7-0.7 0.6-1 0.2-1.5q0.8 0 1.8 1.7t1 3.3z m11.5 0q0 1.7-0.8 2.6t-2.1 1q-1.2 0-2-0.9t-0.9-2q0-0.6 0.3-1.1t0.5-0.8 0.7-0.6 0.7-0.7 0.5-1 0.2-1.5q0.8 0 1.9 1.7t1 3.3z m11.4 0q0 1.7-0.8 2.6t-2.1 1q-1.2 0-2-0.9t-0.8-2q0-0.6 0.2-1.1t0.5-0.8 0.7-0.6 0.7-0.7 0.5-1 0.2-1.5q0.9 0 1.9 1.7t1 3.3z"
                />
              </g>
            </svg>
          </span>
          10/10/1000
           (
          28
           years old)
        </div>
        <div>
          <span
            className="sc-kpOJdX ctNlrt"
          >
            <svg
              fill="currentColor"
              height="1em"
              preserveAspectRatio="xMidYMid meet"
              style={
                Object {
                  "color": undefined,
                  "verticalAlign": "middle",
                }
              }
              viewBox="0 0 40 40"
              width="1em"
            >
              <g>
                <path
                  d="m35.9 27.7q0 0.6-0.2 1.6t-0.5 1.5q-0.4 1.1-2.7 2.3-2.1 1.2-4.1 1.2-0.6 0-1.2-0.1t-1.3-0.3-1.1-0.3-1.2-0.5-1.1-0.4q-2.2-0.7-3.9-1.8-2.8-1.8-5.9-4.8t-4.8-5.9q-1.1-1.7-1.9-3.9 0-0.2-0.4-1.1t-0.4-1.3-0.3-1-0.3-1.3-0.1-1.2q0-2 1.1-4.1 1.3-2.3 2.4-2.8 0.6-0.2 1.5-0.4t1.6-0.2q0.3 0 0.5 0 0.4 0.2 1.2 1.7 0.2 0.4 0.6 1.2t0.8 1.4 0.7 1.2q0.1 0.1 0.4 0.6t0.5 0.8 0.1 0.6q0 0.5-0.6 1.1t-1.4 1.3-1.4 1.1-0.6 1.1q0 0.2 0.1 0.5t0.2 0.4 0.3 0.6 0.3 0.4q1.7 3.1 3.8 5.2t5.3 3.9q0 0 0.4 0.3t0.6 0.3 0.4 0.2 0.5 0.1q0.4 0 1-0.6t1.2-1.4 1.3-1.4 1.1-0.6q0.3 0 0.6 0.1t0.8 0.5 0.6 0.4q0.5 0.3 1.1 0.7t1.5 0.8 1.2 0.6q1.5 0.8 1.7 1.2 0 0.2 0 0.5z"
                />
              </g>
            </svg>
          </span>
          111 111-1111
        </div>
      </div>
    </div>
    <div>
      Some content about the human
    </div>
  </div>
</div>
`;
