// Jest Snapshot v1, https://goo.gl/fbAQLP

exports[`<NotFound /> renders the not found component 1`] = `
<h2
  className="sc-gzVnrw hvTGgK"
>
  Not Found!
</h2>
`;
