// Jest Snapshot v1, https://goo.gl/fbAQLP

exports[`<Humans /> renders a humans container with a selected human in a human modal 1`] = `
<div
  className="sc-gqjmRU jvblsP"
>
  <div
    className="sc-iwsKbI frVmKc"
    onClick={[Function]}
  >
    <div
      className="sc-gZMcBi cnxvDw"
    >
      <div
        className="sc-jTzLTM kLaMur"
      >
        <img
          alt=""
          className="sc-jzJRlG couzzp"
          src="https://uinames.com/api/photos/female/11.jpg"
        />
        <div
          className="sc-VigVT gXtAJK"
        >
          <h2
            className="sc-cSHVUG cOMvto sc-gzVnrw iPQJMk"
          >
            Lorena
            , 
            Slaivici
          </h2>
          <div>
            <span
              className="sc-fjdhpX krPZSu"
            >
              <svg
                fill="currentColor"
                height="1em"
                preserveAspectRatio="xMidYMid meet"
                style={
                  Object {
                    "color": undefined,
                    "verticalAlign": "middle",
                  }
                }
                viewBox="0 0 40 40"
                width="1em"
              >
                <g>
                  <path
                    d="m40 15.8v17.8q0 1.4-1 2.5t-2.6 1h-32.8q-1.5 0-2.6-1t-1-2.5v-17.8q1 1.1 2.3 2 8 5.5 11 7.7 1.3 0.9 2.1 1.5t2.1 1 2.5 0.6h0q1.2 0 2.5-0.6t2.1-1 2.1-1.5q3.7-2.8 11.1-7.7 1.2-0.9 2.2-1.9z m0-6.5q0 1.7-1.1 3.4t-2.7 2.7q-8.4 5.8-10.5 7.3-0.2 0.1-0.9 0.6t-1.2 0.9-1.2 0.7-1.3 0.6-1.1 0.2h0q-0.5 0-1.1-0.2t-1.3-0.6-1.2-0.7-1.2-0.9-0.9-0.6q-2.1-1.5-5.9-4.1t-4.6-3.2q-1.3-0.9-2.6-2.6t-1.2-3q0-1.8 0.9-2.9t2.7-1.2h32.8q1.5 0 2.5 1.1t1.1 2.5z"
                  />
                </g>
              </svg>
            </span>
            lorena_83@example.com
          </div>
          <div>
            <span
              className="sc-fjdhpX krPZSu"
            >
              <svg
                fill="currentColor"
                height="1em"
                preserveAspectRatio="xMidYMid meet"
                style={
                  Object {
                    "color": undefined,
                    "verticalAlign": "middle",
                  }
                }
                viewBox="0 0 40 40"
                width="1em"
              >
                <g>
                  <path
                    d="m40 31.4v8.6h-40v-8.6q1 0 1.9-0.3t1.3-0.6 1.1-0.8q0.6-0.6 1.1-0.9t1.3-0.2 1.2 0.2 1.2 0.9q0.6 0.5 1 0.8t1.3 0.6 1.9 0.3q1.1 0 1.9-0.3t1.3-0.6 1.1-0.8q0.5-0.5 0.7-0.6t0.7-0.4 1-0.1q0.8 0 1.3 0.2t1.1 0.9q0.6 0.5 1.1 0.8t1.3 0.6 1.9 0.3 1.9-0.3 1.3-0.6 1-0.8q0.7-0.6 1.2-0.9t1.2-0.2q0.8 0 1.3 0.2t1.1 0.9q0.7 0.5 1.1 0.8t1.3 0.6 1.9 0.3z m0-7.1v4.3q-0.8 0-1.2-0.3t-1.2-0.8q-0.7-0.6-1.1-0.9t-1.3-0.6-1.9-0.3q-1 0-1.9 0.3t-1.3 0.6-1 0.9q-0.5 0.4-0.8 0.6t-0.6 0.3-1 0.2q-0.8 0-1.3-0.3t-1.1-0.8q-0.7-0.6-1.1-0.9t-1.3-0.6-1.9-0.3q-1 0-1.9 0.3t-1.3 0.6-1.1 0.9q-0.4 0.4-0.7 0.6t-0.7 0.3-1 0.2q-0.7 0-1.2-0.3t-1.2-0.8q-0.6-0.6-1-0.9t-1.3-0.6-1.9-0.3q-1.1 0-1.9 0.3t-1.3 0.6-1.1 0.9q-0.7 0.6-1.1 0.8t-1.3 0.3v-4.3q0-1.8 1.3-3t3-1.3h1.4v-10h5.7v10h5.7v-10h5.8v10h5.7v-10h5.7v10h1.4q1.8 0 3 1.3t1.3 3z m-28.6-19.3q0 1.7-0.8 2.6t-2 1q-1.2 0-2-0.9t-0.9-2q0-0.6 0.2-1.1t0.6-0.8 0.6-0.6 0.7-0.7 0.6-1 0.2-1.5q0.8 0 1.8 1.7t1 3.3z m11.5 0q0 1.7-0.8 2.6t-2.1 1q-1.2 0-2-0.9t-0.9-2q0-0.6 0.3-1.1t0.5-0.8 0.7-0.6 0.7-0.7 0.5-1 0.2-1.5q0.8 0 1.9 1.7t1 3.3z m11.4 0q0 1.7-0.8 2.6t-2.1 1q-1.2 0-2-0.9t-0.8-2q0-0.6 0.2-1.1t0.5-0.8 0.7-0.6 0.7-0.7 0.5-1 0.2-1.5q0.9 0 1.9 1.7t1 3.3z"
                  />
                </g>
              </svg>
            </span>
            06/27/1983
             (
            34
             years old)
          </div>
          <div>
            <span
              className="sc-fjdhpX krPZSu"
            >
              <svg
                fill="currentColor"
                height="1em"
                preserveAspectRatio="xMidYMid meet"
                style={
                  Object {
                    "color": undefined,
                    "verticalAlign": "middle",
                  }
                }
                viewBox="0 0 40 40"
                width="1em"
              >
                <g>
                  <path
                    d="m35.9 27.7q0 0.6-0.2 1.6t-0.5 1.5q-0.4 1.1-2.7 2.3-2.1 1.2-4.1 1.2-0.6 0-1.2-0.1t-1.3-0.3-1.1-0.3-1.2-0.5-1.1-0.4q-2.2-0.7-3.9-1.8-2.8-1.8-5.9-4.8t-4.8-5.9q-1.1-1.7-1.9-3.9 0-0.2-0.4-1.1t-0.4-1.3-0.3-1-0.3-1.3-0.1-1.2q0-2 1.1-4.1 1.3-2.3 2.4-2.8 0.6-0.2 1.5-0.4t1.6-0.2q0.3 0 0.5 0 0.4 0.2 1.2 1.7 0.2 0.4 0.6 1.2t0.8 1.4 0.7 1.2q0.1 0.1 0.4 0.6t0.5 0.8 0.1 0.6q0 0.5-0.6 1.1t-1.4 1.3-1.4 1.1-0.6 1.1q0 0.2 0.1 0.5t0.2 0.4 0.3 0.6 0.3 0.4q1.7 3.1 3.8 5.2t5.3 3.9q0 0 0.4 0.3t0.6 0.3 0.4 0.2 0.5 0.1q0.4 0 1-0.6t1.2-1.4 1.3-1.4 1.1-0.6q0.3 0 0.6 0.1t0.8 0.5 0.6 0.4q0.5 0.3 1.1 0.7t1.5 0.8 1.2 0.6q1.5 0.8 1.7 1.2 0 0.2 0 0.5z"
                  />
                </g>
              </svg>
            </span>
            (224) 205 7053
          </div>
        </div>
      </div>
      <div>
        test
      </div>
    </div>
  </div>
  <div
    className="sc-htpNat cJagyt"
    onClick={[Function]}
  >
    <img
      alt=""
      className="sc-bwzfXH jwfMIB"
      src="https://uinames.com/api/photos/female/11.jpg"
    />
  </div>
  <div
    className="sc-htpNat cJagyt"
    onClick={[Function]}
  >
    <img
      alt=""
      className="sc-bwzfXH jwfMIB"
      src="https://uinames.com/api/photos/female/13.jpg"
    />
  </div>
</div>
`;

exports[`<Humans /> renders a humans container with humans 1`] = `
<div
  className="sc-gqjmRU jvblsP"
>
  <div
    className="sc-htpNat cJagyt"
    onClick={[Function]}
  >
    <img
      alt=""
      className="sc-bwzfXH jwfMIB"
      src="https://uinames.com/api/photos/female/11.jpg"
    />
  </div>
  <div
    className="sc-htpNat cJagyt"
    onClick={[Function]}
  >
    <img
      alt=""
      className="sc-bwzfXH jwfMIB"
      src="https://uinames.com/api/photos/female/13.jpg"
    />
  </div>
</div>
`;

exports[`<Humans /> renders an empty humans container 1`] = `
<div
  className="sc-gqjmRU jvblsP"
>
  <h2
    className="sc-gzVnrw iPQJMk"
  >
    Loading you some humans
  </h2>
</div>
`;

exports[`<Humans /> should map state to props properly 1`] = `
Object {
  "humans": Array [
    Object {
      "age": 34,
      "birthday": Object {
        "dmy": "27/06/1983",
        "mdy": "06/27/1983",
        "raw": 425556818,
      },
      "credit_card": Object {
        "expiration": "2/19",
        "number": "1885-4897-6595-6047",
        "pin": 7935,
        "security": 647,
      },
      "email": "lorena_83@example.com",
      "gender": "female",
      "name": "Lorena",
      "password": "Slaivici83!*",
      "phone": "(224) 205 7053",
      "photo": "https://uinames.com/api/photos/female/11.jpg",
      "region": "Romania",
      "surname": "Slaivici",
      "title": "ms",
    },
    Object {
      "age": 23,
      "birthday": Object {
        "dmy": "28/09/1994",
        "mdy": "09/28/1994",
        "raw": 780782898,
      },
      "credit_card": Object {
        "expiration": "7/19",
        "number": "7132-8516-3561-6797",
        "pin": 8839,
        "security": 187,
      },
      "email": "m치trai94@example.com",
      "gender": "female",
      "name": "M치trai",
      "password": "Linda94&*",
      "phone": "(187) 140 9625",
      "photo": "https://uinames.com/api/photos/female/13.jpg",
      "region": "Hungary",
      "surname": "Linda",
      "title": "ms",
    },
  ],
  "humansAreLoaded": true,
  "indexOfSelectedHuman": 1,
  "loremIpsum": "test",
  "loremIpsumIsLoaded": true,
  "selectedHuman": Object {
    "age": 23,
    "birthday": Object {
      "dmy": "28/09/1994",
      "mdy": "09/28/1994",
      "raw": 780782898,
    },
    "credit_card": Object {
      "expiration": "7/19",
      "number": "7132-8516-3561-6797",
      "pin": 8839,
      "security": 187,
    },
    "email": "m치trai94@example.com",
    "gender": "female",
    "name": "M치trai",
    "password": "Linda94&*",
    "phone": "(187) 140 9625",
    "photo": "https://uinames.com/api/photos/female/13.jpg",
    "region": "Hungary",
    "surname": "Linda",
    "title": "ms",
  },
}
`;
