// Jest Snapshot v1, https://goo.gl/fbAQLP

exports[`<MainContent /> renders children 1`] = `
<div
  className="sc-kAzzGY cIpKtn"
>
  <div
    className="sc-chPdSV kmRAWS"
  >
    <h1>
      Child 1
    </h1>
    <p>
      Child 2
    </p>
  </div>
</div>
`;
